[2025-09-27 11:08:24,333: INFO: common: yaml file: config\config.yaml loaded successfully]
[2025-09-27 11:08:24,338: INFO: common: yaml file: params.yaml loaded successfully]
[2025-09-27 11:08:24,338: INFO: common: created directory at: artifacts]
[2025-09-27 11:08:24,338: INFO: common: created directory at: artifacts/data_ingestion]
[2025-09-27 11:08:28,986: INFO: 1434958058: artifacts/data_ingestion/data.zip download! with following info: 
Connection: close
Content-Length: 7903594
Cache-Control: max-age=300
Content-Security-Policy: default-src 'none'; style-src 'unsafe-inline'; sandbox
Content-Type: application/zip
ETag: "dbc016a060da18070593b83afff580c9b300f0b6ea4147a7988433e04df246ca"
Strict-Transport-Security: max-age=31536000
X-Content-Type-Options: nosniff
X-Frame-Options: deny
X-XSS-Protection: 1; mode=block
X-GitHub-Request-Id: F9DE:BC32:A01AE:169379:68D77851
Accept-Ranges: bytes
Date: Sat, 27 Sep 2025 05:38:26 GMT
Via: 1.1 varnish
X-Served-By: cache-bom-vanm7210064-BOM
X-Cache: MISS
X-Cache-Hits: 0
X-Timer: S1758951506.682259,VS0,VE895
Vary: Authorization,Accept-Encoding
Access-Control-Allow-Origin: *
Cross-Origin-Resource-Policy: cross-origin
X-Fastly-Request-ID: 6ed04745169df30676e65cf9b345ca9df7aedea6
Expires: Sat, 27 Sep 2025 05:43:26 GMT
Source-Age: 1

]
[2025-09-27 11:14:31,742: INFO: common: yaml file: config\config.yaml loaded successfully]
[2025-09-27 11:14:31,742: INFO: common: yaml file: params.yaml loaded successfully]
[2025-09-27 11:14:31,742: INFO: common: created directory at: artifacts]
[2025-09-27 11:14:31,742: INFO: common: created directory at: artifacts/data_ingestion]
[2025-09-27 11:14:31,742: INFO: 1434958058: File already exists of size: ~ 7718 KB]
